// Jest Snapshot v1, https://goo.gl/fbAQLP

exports[`#Menu initial test 1`] = `
<Styled(div)>
  Menu
</Styled(div)>
`;
